object Hello extends App {
  implicit final val a: Long = 0L
}
