import java.util.Random

import scala.io.Source

object Hello extends App {
  val src = Source.fromString("Hello").mkString("\n")
  val random = (new Random()).nextInt(100)
  println(src + random)
}
